[00:00:14] [Server thread/INFO]: Player AngelGamer200 standing on air - force-sending blocks below
[00:00:36] [Server thread/INFO]: Player AngelGamer200 standing on air - force-sending blocks below
[00:00:46] [Server thread/INFO]: Player AngelGamer200 standing on air - force-sending blocks below
[00:01:02] [Server thread/INFO]: Player AngelGamer200 standing on air - force-sending blocks below
[00:01:14] [Server thread/INFO]: Player AngelGamer200 standing on air - force-sending blocks below
[00:01:33] [Server thread/INFO]: Player AngelGamer200 standing on air - force-sending blocks below
[00:01:52] [Server thread/INFO]: Player AngelGamer200 standing on air - force-sending blocks below
[00:02:10] [Server thread/INFO]: Player AngelGamer200 standing on air - force-sending blocks below
[00:02:23] [Server thread/INFO]: Player AngelGamer200 standing on air - force-sending blocks below
[00:02:37] [Server thread/INFO]: Player AngelGamer200 standing on air - force-sending blocks below
[00:03:02] [Server thread/INFO]: Player AngelGamer200 standing on air - force-sending blocks below
[00:03:15] [Server thread/INFO]: Player AngelGamer200 standing on air - force-sending blocks below
[00:03:27] [Server thread/INFO]: Player AngelGamer200 standing on air - force-sending blocks below
[00:03:38] [Server thread/INFO]: Player AngelGamer200 standing on air - force-sending blocks below
[00:03:49] [Server thread/INFO]: Player AngelGamer200 standing on air - force-sending blocks below
[00:04:08] [Server thread/INFO]: Player AngelGamer200 standing on air - force-sending blocks below
[00:04:22] [Server thread/INFO]: Player AngelGamer200 standing on air - force-sending blocks below
[00:05:03] [Server thread/INFO]: Player AngelGamer200 standing on air - force-sending blocks below
[00:05:14] [Server thread/INFO]: Player AngelGamer200 standing on air - force-sending blocks below
[00:05:48] [Server console handler/ERROR]: Exception handling console input
java.io.IOException: Input/output error
	at java.base/java.io.FileInputStream.readBytes(Native Method)
	at java.base/java.io.FileInputStream.read(FileInputStream.java:281)
	at java.base/java.lang.System$In.read(System.java:1872)
	at java.base/java.io.BufferedInputStream.read1(BufferedInputStream.java:328)
	at java.base/java.io.BufferedInputStream.read(BufferedInputStream.java:388)
	at java.base/sun.nio.cs.StreamDecoder.readBytes(StreamDecoder.java:279)
	at java.base/sun.nio.cs.StreamDecoder.implRead(StreamDecoder.java:322)
	at java.base/sun.nio.cs.StreamDecoder.read(StreamDecoder.java:186)
	at java.base/java.io.InputStreamReader.read(InputStreamReader.java:183)
	at java.base/java.io.BufferedReader.fill(BufferedReader.java:166)
	at java.base/java.io.BufferedReader.readLine(BufferedReader.java:333)
	at java.base/java.io.BufferedReader.readLine(BufferedReader.java:400)
	at net.minecraft.server.dedicated.DedicatedServer$1.run(DedicatedServer.java:146)
[00:05:48] [Server thread/INFO]: Stopping server
[00:05:48] [Server thread/INFO]: Saving players
